// Jest Snapshot v1, https://goo.gl/fbAQLP

exports[`renders correctly 1`] = `
Object {
  "Constructor": "ActivePageContainer",
  "Options": Object {
    "ID": "active-page-container",
    "containerSelector": "body",
    "types": Array [],
  },
  "html": "
<h1>Title</h1>
<div>Content for dummy widget</div>
",
}
`;
